
<docClass> Дом / Содержание МКД / Неисправный лифт with 1.0
<docClass> Квартира / Центральное отопление / Низкая температура в отапливаемом помещении with 0.0
<docClass> Двор / Благоустройство / Ненадлежащее состояние малых архитектурных форм, уличной мебели и хозяйственно-бытового оборудования, необходимого для благоустройства территории with 0.0
<docClass> Квартира / Водоснабжение / Отсутствие холодной воды with 0.0
<docClass> Дом / Кровля / Повреждение кровли with 0.0
<docClass> Дом / Благоустройство / Несанкционированные надписи / объявления на стенах дома with 0.0
<docClass> Двор / Повреждения или неисправность элементов уличной инфраструктуры / Неисправно освещение, фонарный столб поврежден with 0.0
<docClass> Дом / Санитарное состояние / Требуется дезинсекция (насекомые), дезинфекция в местах общего пользования (в т.ч. мусоропровода) with 0.0
<docClass> Территория Санкт-Петербурга / Нарушение земельного законодательства / Самовольное занятие земельного участка, незаконное размещение  нестационарного объекта на земельном участке, либо летнего кафе, кроме гаражей / гаражных строений with 0.0
<docClass> Улица / Благоустройство / Повреждения дорожного покрытия  проезжей части with 0.0
<docClass> Двор / Благоустройство / Мусор на газонах (железобетонные изделия) with 0.0
<docClass> Дом / Санитарное состояние / Требуется дератизация (крысы) в местах общего пользования with 0.0
<docClass> Дом / Содержание МКД / Отсутствие или несоблюдение графика уборки подъезда with 0.0
<docClass> Улица / Благоустройство / Повреждения дорожных знаков with 0.0
<docClass> Сооружение / Благоустройство / Несанкционированные надписи / объявления на сооружениях (в т.ч. заборах, гаражах, торговых павильонах) with 0.0
<docClass> Квартира / Водоснабжение / Отсутствие горячей воды with 0.0
<docClass> Дом / Содержание МКД / Хранение вещей на лестничной площадке with 0.0
<docClass> Квартира / Центральное отопление / Повреждение запорной арматуры (вентиль, кран), стояка центрального отопления with 0.0
<docClass> Двор / Благоустройство / Неубранный снег, требуется обработка территории пескосоляной смесью with 0.0
<docClass> Остановка общественного транспорта / Ненадлежащее состояние остановочного павильона / Повреждение остановочного павильона, совмещенного с рекламной конструкцией with 0.0
<docClass> Квартира / Водоснабжение / Слабый напор холодной воды with 0.0
<docClass> Территория Санкт-Петербурга / Незаконная информационная и (или) рекламная конструкция / Незаконное размещение информационной и (или) рекламной конструкции на территории Санкт-Петербурга with 0.0
<docClass> Двор / Благоустройство / Разукомплектованный легковой автотранспорт with 0.0
<docClass> Дом / Водоотведение / Засор канализации/протечка канализационной трубы with 0.0
<docClass> Улица / Благоустройство / Лужи на проезжей части, тротуаре with 0.0
<docClass> Улица / Благоустройство / Неубранный снег на автомобильных дорогах и прилегающих к ним тротуарах, спусках к воде, подземных и надземных пешеходных переходах with 0.0
<docClass> Дом / Содержание МКД / Неудовлетворительное состояние парадной with 0.0
<docClass> Дом / Подвалы / Открыты/закрыты подвальные окна, продухи, вход в подвал with 0.0
<docClass> Двор / Благоустройство / Необходима прочистка ливневой канализации with 0.0
<docClass> Двор / Благоустройство / Провисающие, оборванные провода на зданиях with 0.0
<docClass> Двор / Благоустройство / Утрата жизнеспособности, декоративной ценности зеленых насаждений, неухоженный вид деревьев и кустарников with 0.0
<docClass> Улица / Благоустройство / Уличное освещение неисправно with 0.0
<docClass> Улица / Благоустройство / Повреждения  элементов дорожной разметки with 0.0
<docClass> Дом / Фасад / Неудовлетворительное состояние окраски фасада дома (кроме несанкционированных надписей / объявлений на стенах дома) with 0.0
<docClass> Дом / Нарушение правил пользования общим имуществом / Самовольное размещение наружных блоков систем кондиционирования и вентиляции, вентиляционных трубопроводов, вентиляционных решеток, декоративных решеток, роллет, жалюзи, антенн, светильников, камер видеонаблюдения, маркиз на фасаде и кровле МКД with 0.0
<docClass> Улица / Благоустройство / Повреждения дорожного покрытия тротуара with 0.0
<docClass> Парк, сад, бульвар, сквер / Благоустройство / Ненадлежащее (неисправное) состояние уличной мебели и оборудования в садах, парках, скверах (в том числе на территориях детских и спортивных площадок, зон отдыха) with 0.0
<docClass> Территория Санкт-Петербурга / Благоустройство / Нарушение благоустройства после производства земляных работ with 0.0
<docClass> Квартира / Водоотведение / Неисправность канализации with 0.0
<docClass> Двор / Благоустройство / Мусор на детской площадке with 0.0
<docClass> Улица / Благоустройство / Повреждения или неисправность светофоров with 0.0
<docClass> Территория Санкт-Петербурга / Повреждения или неисправность элементов уличной инфраструктуры / Открыт колодец, люк with 0.0
<docClass> Двор / Благоустройство / Неочищенные урны with 0.0
<docClass> Дом / Содержание МКД / Неисправное освещение в подъезде / на фасаде жилого здания with 0.0
<docClass> Двор / Благоустройство / Неудовлетворительное состояние асфальтового покрытия на придомовой и дворовой территориях with 0.0
<docClass> Двор / Благоустройство / Не обустроена территория спортивной площадки with 0.0
<docClass> Квартира / Водоснабжение / Слабый напор горячей воды with 0.0
<docClass> Территория Санкт-Петербурга / Незаконная реализация товаров с торгового оборудования (прилавок, ящик, с земли) / Реализация товаров в местах, не предназначенных для торговли with 0.0
<docClass> Двор / Благоустройство / Мусор на газонах (крупногабаритные объекты) with 0.0
<docClass> Улица / Благоустройство / Мусор  на проезжей части, тротуаре,  благоустроенных спусках к воде, подземных и надземных пешеходных переходах with 0.0
<docClass> Двор / Благоустройство / Неудовлетворительное содержание газонов (отсутствие травяного покрова) with 0.0
<docClass> Общественный транспорт / Техническое и санитарное состояние транспортных средств / Неудовлетворительное техническое/санитарное состояние транспортных средств with 0.0
<docClass> Двор / Благоустройство / Предложение по установке ограждений газонов with 0.0
<docClass> Территория Санкт-Петербурга / Повреждения или неисправность элементов уличной инфраструктуры / Неудовлетворительное состояние колодца, люка with 0.0
<docClass> Улица / Благоустройство / Мусор на газонах вдоль проезжей части with 0.0
<docClass> Дом / Санитарное состояние / Засор мусоропровода with 0.0
<docClass> Двор / Благоустройство / Ненадлежащее состояние ограждений газонов with 0.0
<docClass> Двор / Благоустройство / Конструкция, препятствующая парковке with 0.0
<docClass> Двор / Благоустройство / Не обустроена территория детской площадки with 0.0
<docClass> Дом / Содержание МКД / Неисправный домофон with 0.0
<docClass> Двор / Благоустройство / Мусор на внутридворовой территории with 0.0
<docClass> Улица / Благоустройство / Несанкционированные надписи / объявления на технических средствах организации дорожного движения (светофоры, дорожные знаки) with 0.0
<docClass> Дом / Содержание МКД / Неисправный доводчик входной двери with 0.0
<docClass> Квартира / Водоснабжение / Ненадлежащее содержание трубопроводов и элементов системы водоснабжения, являющихся общедомовым имуществом with 0.0
<docClass> Мост / Благоустройство / Неубранный снег with 0.0
<docClass> Дом / Фасад / Повреждение участков цоколя, отмостки, приямков, вентиляционных продухов with 0.0
<docClass> Дом / Водоснабжение / Протечка труб в подвале, на чердаке, на лестничной площадке with 0.0
<docClass> Квартира / Водоснабжение / Плохое качество горячей воды with 0.0
<docClass> Дом / Содержание МКД / Разбиты стекла на лестничной площадке with 0.0
<docClass> Двор / Благоустройство / Неудовлетворительное содержание газонов (нескошенная/неубранная трава) with 0.0
<docClass> Двор / Содержание МКД / Неудовлетворительное санитарное и техническое состояние контейнерной площадки with 0.0
<docClass> Дом / Кровля / Повреждение водосточной трубы with 0.0
<docClass> Дом / Кровля / Наличие наледи на крыше with 0.0
<docClass> Дом / Фасад / Отсутствие адресной вывески с названием улицы и номером дома with 0.0
<docClass> Квартира / Организационно-правовые вопросы / Отказ в составлении акта обследования или несоответствие акта действительности with 0.0
<docClass> Дом / Нарушение порядка пользования общим имуществом / Передача общего имущества собственников помещений  в пользование иным лицам with 0.0
<docClass> Квартира / Водоснабжение / Плохое качество холодной воды with 0.0
<docClass> Дом / Фасад / Герметизация стыков стеновых панелей with 0.0
<docClass> Улица / Благоустройство / Неудовлетворительное содержание газонов (нескошенная/неубранная трава) with 0.0
<docClass> Улица / Благоустройство / Несанкционированные надписи /объявления на опорах освещения with 0.0
<docClass> Дом / Капитальный ремонт общего имущества в многоквартирных домах / Длительный срок производства работ with 0.0
<docClass> Дом / Содержание МКД / Неисправный (ая) пандус / аппарель with 0.0
<docClass> Дом / Организационно-правовые вопросы / Отсутствие информации об отключениях в связи с проведением ремонтных работ (на информационном стенде управляющей организации) with 0.0
<docClass> Улица / Благоустройство / Деревья и кустарники имеют неухоженный вид with 0.0
<docClass> Двор / Благоустройство / Лужи на твердом покрытии with 0.0
<docClass> Двор / Благоустройство / Аварийные деревья with 0.0
<docClass> Дом / Чердаки / Неудовлетворительное содержание чердачного помещения, принадлежащего собственникам помещений в многоквартирном доме на праве общей долевой собственности with 0.0
<docClass> Рекламные или информационные конструкции / Состояние рекламных или информационных конструкций / Механическое повреждение отдельно стоящей рекламной или информационной конструкции либо наличие посторонних надписей/объявлений на них with 0.0
<docClass> Квартира / Центральное отопление / Температура в помещении выше нормы with 0.0
<docClass> Дом / Организационно-правовые вопросы / Несогласие с выставленным счетом  (размер платы не соответствует договору управления) with 0.0
<docClass> Парк, сад, бульвар, сквер / Благоустройство / Неудовлетворительное содержание газонов (отсутствие травяного покрова) with 0.0
<docClass> Двор / Благоустройство / Предложения по установке малых архитектурных форм, уличной мебели и хозяйственно-бытового оборудования, необходимого для благоустройства территории with 0.0
<docClass> Дом / Содержание МКД / Неисправное освещение в лифте with 0.0
<docClass> Дом / Центральное отопление / Повреждение отопительного прибора (радиатора и др.), запорной арматуры (вентиль, кран) протечка трубопровода системы центрального отопления на лестничной площадке / подвале / чердаке with 0.0
<docClass> Улица / Благоустройство / Неудовлетворительное содержание газонов (отсутствие травяного покрова) with 0.0
<docClass> Двор / Благоустройство / Не оборудована контейнерная площадка with 0.0
<docClass> Улица / Благоустройство / Мусор на газонах (крупногабаритные объекты) with 0.0
<docClass> Улица / Благоустройство / Ненадлежащее состояние ограждений газонов with 0.0
<docClass> Дом / Центральное отопление / Низкая температура на лестничной площадке with 0.0
<docClass> Бюджетное учреждение / Нарушения в бюджетных образовательных  учреждениях / Неудовлетворительное санитарное состояние помещений учреждения with 0.0
<docClass> Двор / Содержание МКД / Сломанный мусорный контейнер with 0.0
<docClass> Дом / Содержание МКД / Сломаны почтовые шкафы with 0.0
<docClass> Улица / Благоустройство / Несанкционированные надписи /объявления на остановочных павильонах, совмещенных с рекламными конструкциями with 0.0
<docClass> Водный объект / Загрязнение водного объекта или его берега / Мусор в воде или на берегу водного объекта with 0.0
<docClass> Улица / Благоустройство / Угроза падения дерева на проезжую часть, тротуар with 0.0
<docClass> Дом / Шум / Требуется регулировка системы водоснабжения/отопления with 0.0
<docClass> Парк, сад, бульвар, сквер / Благоустройство / Скопление мусора в садах, парках, скверах with 0.0
<docClass> Парк, сад, бульвар, сквер / Благоустройство / Неубранный снег на пешеходных дорожках в парках, садах, бульварах и скверах with 0.0
<docClass> Коммерческое строительство / Незаконное строительство / Ведение строительных работ  без разрешения на строительство with 0.0
<docClass> Дом / Нарушение правил пользования общим имуществом / Незаконное проживание иностранных граждан в местах общего пользования многоквартирного дома (подвалы, чердаки) with 0.0
<docClass> Дом / Капитальный ремонт общего имущества в многоквартирных домах / Наличие дефектов (недостатков) в выполненных работах with 0.0
<docClass> Улица / Благоустройство / Несанкционированные надписи / объявления на дорожных ограждениях и остановочных павильонах, не оборудованных рекламной конструкцией with 0.0
<docClass> Улица / Благоустройство / Разукомплектованное легковое транспортное средство with 0.0
<docClass> Дом / Нарушение правил пользования общим имуществом / Незаконное использование чердаков и подвалов with 0.0
<docClass> Двор / Благоустройство / Упавшее дерево with 0.0
<docClass> Улица / Благоустройство / Неочищенные урны with 0.0
<docClass> Дом / Фасад / Неудовлетворительное состояние архитектурных элементов фасада (архитектурные изыски) with 0.0
<docClass> Двор / Благоустройство / Предложение по организации дополнительных парковочных мест with 0.0
<docClass> Двор / Благоустройство / Мусор на спортивных площадках with 0.0
<docClass> Дом / Кровля / Повреждение/засор внутреннего ливнестока with 0.0
<docClass> Дом / Нарушение правил пользования общим имуществом / Самозахват части площади общего имущества при перепланировке with 0.0
<docClass> Улица / Благоустройство / Предложение по установке урны у остановочного павильона with 0.0
<docClass> Строительная площадка / Состояние строительной площадки / Несвоевременный вывоз строительных отходов with 0.0
<docClass> Дом / Кровля / Неубранный снег with 0.0
<docClass> Двор / Благоустройство / Предложения по установке искусственных неровностей на проездах и въездах with 0.0
<docClass> Дом / Содержание МКД / Отсутствие/неисправность крышки загрузочного люка мусоропровода with 0.0
<docClass> Территория Санкт-Петербурга / Незаконная трудовая деятельность иностранных граждан / Привлечение к трудовой деятельности иностранных граждан with 0.0
<docClass> Парк, сад, бульвар, сквер / Благоустройство / Мусор на газонах (крупногабаритные объекты) with 0.0
<docClass> Двор / Благоустройство / Отсутствие зон отдыха with 0.0
<docClass> Строительная площадка / Состояние строительной площадки / Неудовлетворительное  состояние территории, прилегающей к строительной площадке with 0.0
<docClass> Двор / Благоустройство / Разукомплектованное грузовое транспортное средство with 0.0
<docClass> Строительная площадка / Благоустройство / Неудовлетворительное содержание временного ограждения строительной площадки, отсутствие строительного забора with 0.0
<docClass> Мост / Благоустройство / Повреждения дорожного покрытия with 0.0
<docClass> Парк, сад, бульвар, сквер / Благоустройство / Ненадлежащее состояние ограждений газонов with 0.0
<docClass> Улица / Благоустройство / Мусор в непосредственной близости от здания станции метрополитена with 0.0
<docClass> Дом / Организационно-правовые вопросы / В доме нет информации об управляющей компании with 0.0
<docClass> Дом / Квартира / Незаконное проживание иностранных граждан  в квартирах многоквартирных домов (искл.) with 0.0
<docClass> Дом / Содержание МКД / Отсутствие или неисправность замка мусоросборной камеры with 0.0
<docClass> Дом / Шум / Шум от инженерных сетей и оборудования with 0.0
<docClass> Дом / Организационно-правовые вопросы / Нарушения при выборе / смене управляющей организации with 0.0
<docClass> Улица / Благоустройство / Упавшее дерево with 0.0
<docClass> Улица / Повреждения или неисправность элементов уличной инфраструктуры / Провисающие, оборванные провода with 0.0
<docClass> Дом / Водоснабжение / Ненадлежащее содержание трубопроводов и элементов системы водоснабжения with 0.0
<docClass> Парк, сад, бульвар, сквер / Благоустройство / Угроза падения дерева или его части with 0.0
<docClass> Квартира / Вентиляция / Неисправность системы вентиляции with 0.0
<docClass> Улица / Благоустройство / Конструкции, препятствующие парковке with 0.0
<docClass> Улица / Повреждения или неисправность элементов уличной инфраструктуры / Опора освещения повреждена или неисправна with 0.0
<docClass> Остановка общественного транспорта / Ненадлежащее состояние остановочного павильона / Повреждение остановочного павильона, не оборудованного рекламной конструкцией with 0.0
<docClass> Торговый объект / Нарушение в сфере реализации алкогольной продукции организациями, имеющими лицензии на осуществление розничной продажи алкогольной продукции / Реализация алкогольной продукции: без федеральных специальных марок, с признаками подделки, с нарушением правил продажи with 0.0
<docClass> Улица / Благоустройство / Повреждения информационных знаков остановочных пунктов наземного городского пассажирского транспорта with 0.0
<docClass> Мост / Благоустройство / Скопление мусора with 0.0
<docClass> Двор / Благоустройство / Провисающие, оборванные провода на опорах освещения with 0.0
<docClass> Улица / Благоустройство / Разукомплектованный грузовой автотранспорт with 0.0
<docClass> Дом / Организационно-правовые вопросы / Отказ в составлении акта обследования или несоответствие акта действительности with 0.0
<docClass> Территория Санкт-Петербурга / Несанкционированная торговля  / Незаконная торговля в вестибюлях, переходах станций метрополитена with 0.0
<docClass> Торговый объект / Нарушение в сфере реализации алкогольной продукции организациями, имеющими лицензии на осуществление розничной продажи алкогольной продукции / Реализация алкогольной продукции: в ночное время (с 22.00 до 11.00) with 0.0
<docClass> Дом / Содержание МКД / Предложения по установке пандусов, подъемных платформ и инвентарных пандусов для инвалидов with 0.0
<docClass> Бюджетное учреждение / Нарушения в бюджетных учреждениях здравоохранения / Неудовлетворительное санитарное состояние в помещениях учреждения with 0.0
<docClass> Дом / Подвалы / Неисправен козырек над входом в подвал with 0.0
<docClass> Рекламные или информационные конструкции / Состояние рекламных или информационных конструкций / Механическое повреждение рекламной или информационной конструкции, установленной на фасаде здания (сооружения) with 0.0
<docClass> Дом / Капитальный ремонт общего имущества в многоквартирных домах / Работы на объекте не осуществляются в соответствии с запланированными сроками with 0.0
<docClass> Территория Санкт-Петербурга / Заливка катка / Неудовлетворительное состояние ледового покрытия на катке (отсутствует ледовое покрытие) with 0.0
<docClass> Двор / Благоустройство / Неисправно освещение на фасаде нежилого здания with 0.0
<docClass> Дом / Центральное отопление / Отсутствие радиатора на лестничной площадке with 0.0
<docClass> Бюджетное учреждение / Нарушения в бюджетных учреждениях здравоохранения / Неисправность/недоступность существующих объектов инфраструктуры для маломобильных граждан в учреждениях здравоохранения with 0.0
<docClass> Дом / Электроснабжение / Проблемы подключения по временной послеаварийной схеме with 0.0
<docClass> Торговый объект / Нарушение в сфере реализации табачной продукции и табачных изделий / Реализация табачной продукции и табачных изделий: несовершеннолетним, без федеральных специальных марок, с признаками подделки, в запрещенных местах, с нарушением правил выкладки товара with 0.0
<docClass> Бюджетное учреждение / Нарушения в бюджетных учреждениях здравоохранения / Отсутствие бесплатных бахил в поликлинике для посещения кабинетов, где это предусмотрено санитарными правилами with 0.0
<docClass> Бюджетное учреждение / Нарушения в бюджетных учреждениях здравоохранения / Отсутствие технической возможности записи к врачу по телефону «колл-центра» with 0.0
<docClass> Бюджетное учреждение / Нарушения в бюджетных учреждениях здравоохранения / Отсутствие технической возможности записи к врачу в интернете (через портал «Государственные и муниципальные услуги (функции) в Санкт-Петербурге» и портал записи к врачу Комитета по здравоохранению") with 0.0
<docClass> Дом / Организационно-правовые вопросы / Начисление платы за коммунальные услуги по тарифам, отличающимся от установленных Комитетом по тарифам Санкт-Петербурга with 0.0